// Jest Snapshot v1, https://goo.gl/fbAQLP

exports[`<AIAnalyticsSummary /> should display AnalyticsDetailCard with learner_engagement data when Summarize Analytics button is clicked 1`] = `
Array [
  <div
    className="pgn__hstack pgn__stack-gap--3"
  >
    <button
      className="d-sm-inline btn btn-outline-primary"
      data-testid="summarize-analytics"
      disabled={false}
      onClick={[Function]}
      type="button"
    >
      <svg
        className="mr-2"
        fill="none"
        height={24}
        viewBox="0 0 24 24"
        width={24}
        xmlns="http://www.w3.org/2000/svg"
      >
        <path
          d="M20 7l.94-2.06L23 4l-2.06-.94L20 1l-.94 2.06L17 4l2.06.94zM8.5 7l.94-2.06L11.5 4l-2.06-.94L8.5 1l-.94 2.06L5.5 4l2.06.94zM20 12.5l-.94 2.06-2.06.94 2.06.94.94 2.06.94-2.06L23 15.5l-2.06-.94zm-1.59-2.67l-4.24-4.24L1.59 18.17l4.24 4.24L18.41 9.83zm-4.2 1.38L12.8 9.8l1.38-1.38 1.41 1.41-1.38 1.38z"
          fill="currentColor"
        />
      </svg>
      Summarize Analytics
    </button>
    <button
      className="d-none btn btn-outline-primary"
      data-testid="track-progress"
      disabled={false}
      onClick={[Function]}
      type="button"
    >
      <svg
        className="mr-2"
        fill="none"
        height={24}
        viewBox="0 0 24 24"
        width={24}
        xmlns="http://www.w3.org/2000/svg"
      >
        <path
          d="M12 12.75c1.63 0 3.07.39 4.24.9 1.08.48 1.76 1.56 1.76 2.73V18H6v-1.61c0-1.18.68-2.26 1.76-2.73 1.17-.52 2.61-.91 4.24-.91zM4 13c1.1 0 2-.9 2-2s-.9-2-2-2-2 .9-2 2 .9 2 2 2zm1.13 1.1c-.37-.06-.74-.1-1.13-.1-.99 0-1.93.21-2.78.58A2.01 2.01 0 000 16.43V18h4.5v-1.61c0-.83.23-1.61.63-2.29zM20 13c1.1 0 2-.9 2-2s-.9-2-2-2-2 .9-2 2 .9 2 2 2zm4 3.43c0-.81-.48-1.53-1.22-1.85A6.95 6.95 0 0020 14c-.39 0-.76.04-1.13.1.4.68.63 1.46.63 2.29V18H24v-1.57zM12 6c1.66 0 3 1.34 3 3s-1.34 3-3 3-3-1.34-3-3 1.34-3 3-3z"
          fill="currentColor"
        />
      </svg>
      Track Progress
    </button>
  </div>,
  ",",
]
`;

exports[`<AIAnalyticsSummary /> should handle null analytics data 1`] = `
Array [
  <div
    className="pgn__hstack pgn__stack-gap--3"
  >
    <button
      className="d-sm-inline btn btn-outline-primary"
      data-testid="summarize-analytics"
      disabled={false}
      onClick={[Function]}
      type="button"
    >
      <svg
        className="mr-2"
        fill="none"
        height={24}
        viewBox="0 0 24 24"
        width={24}
        xmlns="http://www.w3.org/2000/svg"
      >
        <path
          d="M20 7l.94-2.06L23 4l-2.06-.94L20 1l-.94 2.06L17 4l2.06.94zM8.5 7l.94-2.06L11.5 4l-2.06-.94L8.5 1l-.94 2.06L5.5 4l2.06.94zM20 12.5l-.94 2.06-2.06.94 2.06.94.94 2.06.94-2.06L23 15.5l-2.06-.94zm-1.59-2.67l-4.24-4.24L1.59 18.17l4.24 4.24L18.41 9.83zm-4.2 1.38L12.8 9.8l1.38-1.38 1.41 1.41-1.38 1.38z"
          fill="currentColor"
        />
      </svg>
      Summarize Analytics
    </button>
    <button
      className="d-none btn btn-outline-primary"
      data-testid="track-progress"
      disabled={false}
      onClick={[Function]}
      type="button"
    >
      <svg
        className="mr-2"
        fill="none"
        height={24}
        viewBox="0 0 24 24"
        width={24}
        xmlns="http://www.w3.org/2000/svg"
      >
        <path
          d="M12 12.75c1.63 0 3.07.39 4.24.9 1.08.48 1.76 1.56 1.76 2.73V18H6v-1.61c0-1.18.68-2.26 1.76-2.73 1.17-.52 2.61-.91 4.24-.91zM4 13c1.1 0 2-.9 2-2s-.9-2-2-2-2 .9-2 2 .9 2 2 2zm1.13 1.1c-.37-.06-.74-.1-1.13-.1-.99 0-1.93.21-2.78.58A2.01 2.01 0 000 16.43V18h4.5v-1.61c0-.83.23-1.61.63-2.29zM20 13c1.1 0 2-.9 2-2s-.9-2-2-2-2 .9-2 2 .9 2 2 2zm4 3.43c0-.81-.48-1.53-1.22-1.85A6.95 6.95 0 0020 14c-.39 0-.76.04-1.13.1.4.68.63 1.46.63 2.29V18H24v-1.57zM12 6c1.66 0 3 1.34 3 3s-1.34 3-3 3-3-1.34-3-3 1.34-3 3-3z"
          fill="currentColor"
        />
      </svg>
      Track Progress
    </button>
  </div>,
  ",",
]
`;

exports[`<AIAnalyticsSummary /> should render action buttons correctly 1`] = `
Array [
  <div
    className="pgn__hstack pgn__stack-gap--3"
  >
    <button
      className="d-sm-inline btn btn-outline-primary"
      data-testid="summarize-analytics"
      disabled={false}
      onClick={[Function]}
      type="button"
    >
      <svg
        className="mr-2"
        fill="none"
        height={24}
        viewBox="0 0 24 24"
        width={24}
        xmlns="http://www.w3.org/2000/svg"
      >
        <path
          d="M20 7l.94-2.06L23 4l-2.06-.94L20 1l-.94 2.06L17 4l2.06.94zM8.5 7l.94-2.06L11.5 4l-2.06-.94L8.5 1l-.94 2.06L5.5 4l2.06.94zM20 12.5l-.94 2.06-2.06.94 2.06.94.94 2.06.94-2.06L23 15.5l-2.06-.94zm-1.59-2.67l-4.24-4.24L1.59 18.17l4.24 4.24L18.41 9.83zm-4.2 1.38L12.8 9.8l1.38-1.38 1.41 1.41-1.38 1.38z"
          fill="currentColor"
        />
      </svg>
      Summarize Analytics
    </button>
    <button
      className="d-none btn btn-outline-primary"
      data-testid="track-progress"
      disabled={false}
      onClick={[Function]}
      type="button"
    >
      <svg
        className="mr-2"
        fill="none"
        height={24}
        viewBox="0 0 24 24"
        width={24}
        xmlns="http://www.w3.org/2000/svg"
      >
        <path
          d="M12 12.75c1.63 0 3.07.39 4.24.9 1.08.48 1.76 1.56 1.76 2.73V18H6v-1.61c0-1.18.68-2.26 1.76-2.73 1.17-.52 2.61-.91 4.24-.91zM4 13c1.1 0 2-.9 2-2s-.9-2-2-2-2 .9-2 2 .9 2 2 2zm1.13 1.1c-.37-.06-.74-.1-1.13-.1-.99 0-1.93.21-2.78.58A2.01 2.01 0 000 16.43V18h4.5v-1.61c0-.83.23-1.61.63-2.29zM20 13c1.1 0 2-.9 2-2s-.9-2-2-2-2 .9-2 2 .9 2 2 2zm4 3.43c0-.81-.48-1.53-1.22-1.85A6.95 6.95 0 0020 14c-.39 0-.76.04-1.13.1.4.68.63 1.46.63 2.29V18H24v-1.57zM12 6c1.66 0 3 1.34 3 3s-1.34 3-3 3-3-1.34-3-3 1.34-3 3-3z"
          fill="currentColor"
        />
      </svg>
      Track Progress
    </button>
  </div>,
  ",",
]
`;
