// Jest Snapshot v1, https://goo.gl/fbAQLP

exports[`EmailAddressCell renders as expected 1`] = `
<span
  data-hj-suppress={true}
>
  test@example.com
</span>
`;
