// Jest Snapshot v1, https://goo.gl/fbAQLP

exports[`<SaveTemplateButton /> renders correctly in disabled state 1`] = `
<button
  aria-disabled={false}
  aria-live="assertive"
  className="pgn__stateful-btn pgn__stateful-btn-state-default save-template-btn btn btn-outline-primary"
  disabled={false}
  onClick={[Function]}
  type="button"
>
  <span
    className="d-flex align-items-center justify-content-center"
  >
    <span>
      Save Template
    </span>
  </span>
</button>
`;

exports[`<SaveTemplateButton /> renders correctly in enabled state 1`] = `
<button
  aria-disabled={false}
  aria-live="assertive"
  className="pgn__stateful-btn pgn__stateful-btn-state-default save-template-btn btn btn-outline-primary"
  disabled={false}
  onClick={[Function]}
  type="button"
>
  <span
    className="d-flex align-items-center justify-content-center"
  >
    <span>
      Save Template
    </span>
  </span>
</button>
`;

exports[`<SaveTemplateButton /> renders correctly while saving a template 1`] = `
<button
  aria-disabled={false}
  aria-live="assertive"
  className="pgn__stateful-btn pgn__stateful-btn-state-default save-template-btn btn btn-outline-primary"
  disabled={false}
  onClick={[Function]}
  type="button"
>
  <span
    className="d-flex align-items-center justify-content-center"
  >
    <span>
      Save Template
    </span>
  </span>
</button>
`;
