// Jest Snapshot v1, https://goo.gl/fbAQLP

exports[`RequestDateCell renders as expected 1`] = `"December 3, 2019"`;
