// Jest Snapshot v1, https://goo.gl/fbAQLP

exports[`<SupportPage /> renders correctly 1`] = `
Array [
  <div
    className="hero"
  >
    <div>
      <h1>
        Contact Support
      </h1>
    </div>
    <div>
      <img
        alt="edX logo"
        src="https://edx-cdn.org/v3/default/logo-white.svg"
      />
    </div>
  </div>,
  <div
    className="container-fluid"
  >
    <div
      className="row my-3"
    >
      <div
        className="col"
      >
        <p>
          For assistance, please contact the edX Customer Success team at
           
          <span
            className="pgn__mailtolink"
          >
            <a
              className="pgn__hyperlink default-link standalone-link"
              href="mailto:customersuccess@edx.org"
              onClick={null}
              target="_self"
            >
              customersuccess@edx.org
            </a>
          </span>
          .
        </p>
      </div>
    </div>
  </div>,
]
`;
