// Jest Snapshot v1, https://goo.gl/fbAQLP

exports[`LinkTableCell renders correctly 1`] = `"http://localhost:8734/invite/test-invite-key-uuid"`;
