// Jest Snapshot v1, https://goo.gl/fbAQLP

exports[`UsageTableCell renders correctly 1`] = `"10 of 100"`;
