// Jest Snapshot v1, https://goo.gl/fbAQLP

exports[`<ForbiddenPage /> renders correctly 1`] = `
<main
  role="main"
>
  <div
    className="container-fluid mt-3"
  >
    <div
      className="text-center py-5"
    >
      <h1>
        403
      </h1>
      <p
        className="lead"
      >
        You do not have access to this page.
      </p>
      <p>
        For assistance, please contact the edX Customer Success team at
         
        <a
          className="pgn__hyperlink default-link standalone-link pgn__mailtolink"
          href="mailto:customersuccess@edx.org"
          onClick={null}
          target="_self"
        >
          customersuccess@edx.org
        </a>
        .
      </p>
    </div>
  </div>
</main>
`;
