// Jest Snapshot v1, https://goo.gl/fbAQLP

exports[`EnterpriseAppSkeleton renders a skeleton 1`] = `
Array [
  <div
    className="sr-only"
  >
    Loading...
  </div>,
  <span
    aria-busy={true}
    aria-live="polite"
  >
    <span
      className="react-loading-skeleton"
      style={
        Object {
          "height": "8rem",
        }
      }
    >
      ‌
    </span>
    <br />
  </span>,
  <span
    aria-busy={true}
    aria-live="polite"
  >
    <span
      className="react-loading-skeleton"
      style={
        Object {
          "height": "70vh",
        }
      }
    >
      ‌
    </span>
    <br />
  </span>,
]
`;
