// Jest Snapshot v1, https://goo.gl/fbAQLP

exports[`LearnerActivityTable renders active learners table correctly 1`] = `
<div
  className="active-week"
>
  <div
    className="row"
  >
    <div
      className="col"
    >
      <div
        className="table-responsive"
      >
        <table
          className="table table-sm table-striped"
        >
          <thead
            className=""
          >
            <tr
              className=""
            >
              <th
                className="sortable"
                scope="col"
              >
                <button
                  className="btn btn-header"
                  disabled={false}
                  onClick={[Function]}
                  type="button"
                >
                  <span>
                    Email
                    <span
                      className="sr-only"
                    >
                       
                      sort ascending
                    </span>
                     
                    <span
                      aria-hidden={true}
                      className="fa fa-sort-asc"
                    />
                  </span>
                </button>
              </th>
              <th
                className="sortable"
                scope="col"
              >
                <button
                  className="btn btn-header"
                  disabled={false}
                  onClick={[Function]}
                  type="button"
                >
                  <span>
                    Course Title
                    <span
                      className="sr-only"
                    >
                       
                      click to sort
                    </span>
                     
                    <span
                      aria-hidden={true}
                      className="fa fa-sort"
                    />
                  </span>
                </button>
              </th>
              <th
                className="sortable"
                scope="col"
              >
                <button
                  className="btn btn-header"
                  disabled={false}
                  onClick={[Function]}
                  type="button"
                >
                  <span>
                    Course Price
                    <span
                      className="sr-only"
                    >
                       
                      click to sort
                    </span>
                     
                    <span
                      aria-hidden={true}
                      className="fa fa-sort"
                    />
                  </span>
                </button>
              </th>
              <th
                className="sortable"
                scope="col"
              >
                <button
                  className="btn btn-header"
                  disabled={false}
                  onClick={[Function]}
                  type="button"
                >
                  <span>
                    Start Date
                    <span
                      className="sr-only"
                    >
                       
                      click to sort
                    </span>
                     
                    <span
                      aria-hidden={true}
                      className="fa fa-sort"
                    />
                  </span>
                </button>
              </th>
              <th
                className="sortable"
                scope="col"
              >
                <button
                  className="btn btn-header"
                  disabled={false}
                  onClick={[Function]}
                  type="button"
                >
                  <span>
                    End Date
                    <span
                      className="sr-only"
                    >
                       
                      click to sort
                    </span>
                     
                    <span
                      aria-hidden={true}
                      className="fa fa-sort"
                    />
                  </span>
                </button>
              </th>
              <th
                className="sortable"
                scope="col"
              >
                <button
                  className="btn btn-header"
                  disabled={false}
                  onClick={[Function]}
                  type="button"
                >
                  <span>
                    Passed Date
                    <span
                      className="sr-only"
                    >
                       
                      click to sort
                    </span>
                     
                    <span
                      aria-hidden={true}
                      className="fa fa-sort"
                    />
                  </span>
                </button>
              </th>
              <th
                className="sortable"
                scope="col"
              >
                <button
                  className="btn btn-header"
                  disabled={false}
                  onClick={[Function]}
                  type="button"
                >
                  <span>
                    Current Grade
                    <span
                      className="sr-only"
                    >
                       
                      click to sort
                    </span>
                     
                    <span
                      aria-hidden={true}
                      className="fa fa-sort"
                    />
                  </span>
                </button>
              </th>
              <th
                className="sortable"
                scope="col"
              >
                <button
                  className="btn btn-header"
                  disabled={false}
                  onClick={[Function]}
                  type="button"
                >
                  <span>
                    Progress Status
                    <span
                      className="sr-only"
                    >
                       
                      click to sort
                    </span>
                     
                    <span
                      aria-hidden={true}
                      className="fa fa-sort"
                    />
                  </span>
                </button>
              </th>
              <th
                className="sortable"
                scope="col"
              >
                <button
                  className="btn btn-header"
                  disabled={false}
                  onClick={[Function]}
                  type="button"
                >
                  <span>
                    Last Activity Date
                    <span
                      className="sr-only"
                    >
                       
                      click to sort
                    </span>
                     
                    <span
                      aria-hidden={true}
                      className="fa fa-sort"
                    />
                  </span>
                </button>
              </th>
            </tr>
          </thead>
          <tbody
            className=""
          >
            <tr
              className=""
            >
              <td
                className=""
                scope={null}
              >
                <span
                  data-hj-suppress={true}
                >
                  awesome.me@example.com
                </span>
              </td>
              <td
                className=""
                scope={null}
              >
                Dive into ReactJS
              </td>
              <td
                className=""
                scope={null}
              >
                $200
              </td>
              <td
                className=""
                scope={null}
              >
                October 21, 2017
              </td>
              <td
                className=""
                scope={null}
              >
                May 13, 2018
              </td>
              <td
                className=""
                scope={null}
              >
                September 23, 2018
              </td>
              <td
                className=""
                scope={null}
              >
                66%
              </td>
              <td
                className=""
                scope={null}
              >
                Failed
              </td>
              <td
                className=""
                scope={null}
              >
                September 22, 2018
              </td>
            </tr>
            <tr
              className=""
            >
              <td
                className=""
                scope={null}
              >
                <span
                  data-hj-suppress={true}
                >
                  new@example.com
                </span>
              </td>
              <td
                className=""
                scope={null}
              >
                Redux with ReactJS
              </td>
              <td
                className=""
                scope={null}
              >
                $200
              </td>
              <td
                className=""
                scope={null}
              >
                October 21, 2017
              </td>
              <td
                className=""
                scope={null}
              >
                May 13, 2018
              </td>
              <td
                className=""
                scope={null}
              >
                September 22, 2018
              </td>
              <td
                className=""
                scope={null}
              >
                80%
              </td>
              <td
                className=""
                scope={null}
              >
                Passed
              </td>
              <td
                className=""
                scope={null}
              >
                September 25, 2018
              </td>
            </tr>
          </tbody>
        </table>
      </div>
    </div>
  </div>
  <div
    className="row mt-2"
  >
    <div
      className="col d-flex justify-content-center"
    >
      <nav
        aria-label="active-week-pagination"
        className="pagination-default"
      >
        <div
          aria-atomic={true}
          aria-live="polite"
          aria-relevant="text"
          className="sr-only"
        >
          Page 1, Current Page, of 1
        </div>
        <ul
          className="pagination"
        >
          <li
            className="page-item disabled"
          >
            <button
              aria-label="Previous"
              className="previous page-link btn btn-primary"
              disabled={true}
              onClick={[Function]}
              tabIndex="-1"
              type="button"
            >
              <div>
                <span
                  className="pgn__icon"
                >
                  <svg
                    aria-hidden={true}
                    fill="none"
                    focusable={false}
                    height={24}
                    role="img"
                    viewBox="0 0 24 24"
                    width={24}
                    xmlns="http://www.w3.org/2000/svg"
                  >
                    <path
                      d="M15.41 7.41 14 6l-6 6 6 6 1.41-1.41L10.83 12l4.58-4.59Z"
                      fill="currentColor"
                    />
                  </svg>
                </span>
                Previous
              </div>
            </button>
          </li>
          <li
            className="page-item disabled"
          >
            <button
              aria-label="Next"
              className="next page-link btn btn-primary"
              disabled={true}
              onClick={[Function]}
              tabIndex="-1"
              type="button"
            >
              <div>
                Next
                <span
                  className="pgn__icon"
                >
                  <svg
                    aria-hidden={true}
                    fill="none"
                    focusable={false}
                    height={24}
                    role="img"
                    viewBox="0 0 24 24"
                    width={24}
                    xmlns="http://www.w3.org/2000/svg"
                  >
                    <path
                      d="M10 6 8.59 7.41 13.17 12l-4.58 4.59L10 18l6-6-6-6Z"
                      fill="currentColor"
                    />
                  </svg>
                </span>
              </div>
            </button>
          </li>
        </ul>
      </nav>
    </div>
  </div>
</div>
`;

exports[`LearnerActivityTable renders empty state correctly 1`] = `
<div
  className="fade alert-content alert alert-warning show"
  role="alert"
>
  <span
    className="pgn__icon alert-icon"
  >
    <svg
      aria-hidden={true}
      fill="none"
      focusable={false}
      height={24}
      role="img"
      viewBox="0 0 24 24"
      width={24}
      xmlns="http://www.w3.org/2000/svg"
    >
      <path
        d="M12 2C6.48 2 2 6.48 2 12s4.48 10 10 10 10-4.48 10-10S17.52 2 12 2Zm1 15h-2v-2h2v2Zm0-4h-2V7h2v6Z"
        fill="currentColor"
      />
    </svg>
  </span>
  <div
    className="pgn__alert-message-wrapper"
  >
    <div
      className="alert-message-content"
    >
      There are no results.
    </div>
  </div>
</div>
`;

exports[`LearnerActivityTable renders inactive past month learners table correctly 1`] = `
<div
  className="inactive-month"
>
  <div
    className="row"
  >
    <div
      className="col"
    >
      <div
        className="table-responsive"
      >
        <table
          className="table table-sm table-striped"
        >
          <thead
            className=""
          >
            <tr
              className=""
            >
              <th
                className="sortable"
                scope="col"
              >
                <button
                  className="btn btn-header"
                  disabled={false}
                  onClick={[Function]}
                  type="button"
                >
                  <span>
                    Email
                    <span
                      className="sr-only"
                    >
                       
                      sort ascending
                    </span>
                     
                    <span
                      aria-hidden={true}
                      className="fa fa-sort-asc"
                    />
                  </span>
                </button>
              </th>
              <th
                className="sortable"
                scope="col"
              >
                <button
                  className="btn btn-header"
                  disabled={false}
                  onClick={[Function]}
                  type="button"
                >
                  <span>
                    Course Title
                    <span
                      className="sr-only"
                    >
                       
                      click to sort
                    </span>
                     
                    <span
                      aria-hidden={true}
                      className="fa fa-sort"
                    />
                  </span>
                </button>
              </th>
              <th
                className="sortable"
                scope="col"
              >
                <button
                  className="btn btn-header"
                  disabled={false}
                  onClick={[Function]}
                  type="button"
                >
                  <span>
                    Course Price
                    <span
                      className="sr-only"
                    >
                       
                      click to sort
                    </span>
                     
                    <span
                      aria-hidden={true}
                      className="fa fa-sort"
                    />
                  </span>
                </button>
              </th>
              <th
                className="sortable"
                scope="col"
              >
                <button
                  className="btn btn-header"
                  disabled={false}
                  onClick={[Function]}
                  type="button"
                >
                  <span>
                    Start Date
                    <span
                      className="sr-only"
                    >
                       
                      click to sort
                    </span>
                     
                    <span
                      aria-hidden={true}
                      className="fa fa-sort"
                    />
                  </span>
                </button>
              </th>
              <th
                className="sortable"
                scope="col"
              >
                <button
                  className="btn btn-header"
                  disabled={false}
                  onClick={[Function]}
                  type="button"
                >
                  <span>
                    End Date
                    <span
                      className="sr-only"
                    >
                       
                      click to sort
                    </span>
                     
                    <span
                      aria-hidden={true}
                      className="fa fa-sort"
                    />
                  </span>
                </button>
              </th>
              <th
                className="sortable"
                scope="col"
              >
                <button
                  className="btn btn-header"
                  disabled={false}
                  onClick={[Function]}
                  type="button"
                >
                  <span>
                    Current Grade
                    <span
                      className="sr-only"
                    >
                       
                      click to sort
                    </span>
                     
                    <span
                      aria-hidden={true}
                      className="fa fa-sort"
                    />
                  </span>
                </button>
              </th>
              <th
                className="sortable"
                scope="col"
              >
                <button
                  className="btn btn-header"
                  disabled={false}
                  onClick={[Function]}
                  type="button"
                >
                  <span>
                    Progress Status
                    <span
                      className="sr-only"
                    >
                       
                      click to sort
                    </span>
                     
                    <span
                      aria-hidden={true}
                      className="fa fa-sort"
                    />
                  </span>
                </button>
              </th>
              <th
                className="sortable"
                scope="col"
              >
                <button
                  className="btn btn-header"
                  disabled={false}
                  onClick={[Function]}
                  type="button"
                >
                  <span>
                    Last Activity Date
                    <span
                      className="sr-only"
                    >
                       
                      click to sort
                    </span>
                     
                    <span
                      aria-hidden={true}
                      className="fa fa-sort"
                    />
                  </span>
                </button>
              </th>
            </tr>
          </thead>
          <tbody
            className=""
          >
            <tr
              className=""
            >
              <td
                className=""
                scope={null}
              >
                <span
                  data-hj-suppress={true}
                >
                  awesome.me@example.com
                </span>
              </td>
              <td
                className=""
                scope={null}
              >
                Dive into ReactJS
              </td>
              <td
                className=""
                scope={null}
              >
                $200
              </td>
              <td
                className=""
                scope={null}
              >
                October 21, 2017
              </td>
              <td
                className=""
                scope={null}
              >
                May 13, 2018
              </td>
              <td
                className=""
                scope={null}
              >
                66%
              </td>
              <td
                className=""
                scope={null}
              >
                Failed
              </td>
              <td
                className=""
                scope={null}
              >
                September 22, 2018
              </td>
            </tr>
            <tr
              className=""
            >
              <td
                className=""
                scope={null}
              >
                <span
                  data-hj-suppress={true}
                >
                  new@example.com
                </span>
              </td>
              <td
                className=""
                scope={null}
              >
                Redux with ReactJS
              </td>
              <td
                className=""
                scope={null}
              >
                $200
              </td>
              <td
                className=""
                scope={null}
              >
                October 21, 2017
              </td>
              <td
                className=""
                scope={null}
              >
                May 13, 2018
              </td>
              <td
                className=""
                scope={null}
              >
                80%
              </td>
              <td
                className=""
                scope={null}
              >
                Passed
              </td>
              <td
                className=""
                scope={null}
              >
                September 25, 2018
              </td>
            </tr>
          </tbody>
        </table>
      </div>
    </div>
  </div>
  <div
    className="row mt-2"
  >
    <div
      className="col d-flex justify-content-center"
    >
      <nav
        aria-label="inactive-month-pagination"
        className="pagination-default"
      >
        <div
          aria-atomic={true}
          aria-live="polite"
          aria-relevant="text"
          className="sr-only"
        >
          Page 1, Current Page, of 1
        </div>
        <ul
          className="pagination"
        >
          <li
            className="page-item disabled"
          >
            <button
              aria-label="Previous"
              className="previous page-link btn btn-primary"
              disabled={true}
              onClick={[Function]}
              tabIndex="-1"
              type="button"
            >
              <div>
                <span
                  className="pgn__icon"
                >
                  <svg
                    aria-hidden={true}
                    fill="none"
                    focusable={false}
                    height={24}
                    role="img"
                    viewBox="0 0 24 24"
                    width={24}
                    xmlns="http://www.w3.org/2000/svg"
                  >
                    <path
                      d="M15.41 7.41 14 6l-6 6 6 6 1.41-1.41L10.83 12l4.58-4.59Z"
                      fill="currentColor"
                    />
                  </svg>
                </span>
                Previous
              </div>
            </button>
          </li>
          <li
            className="page-item disabled"
          >
            <button
              aria-label="Next"
              className="next page-link btn btn-primary"
              disabled={true}
              onClick={[Function]}
              tabIndex="-1"
              type="button"
            >
              <div>
                Next
                <span
                  className="pgn__icon"
                >
                  <svg
                    aria-hidden={true}
                    fill="none"
                    focusable={false}
                    height={24}
                    role="img"
                    viewBox="0 0 24 24"
                    width={24}
                    xmlns="http://www.w3.org/2000/svg"
                  >
                    <path
                      d="M10 6 8.59 7.41 13.17 12l-4.58 4.59L10 18l6-6-6-6Z"
                      fill="currentColor"
                    />
                  </svg>
                </span>
              </div>
            </button>
          </li>
        </ul>
      </nav>
    </div>
  </div>
</div>
`;

exports[`LearnerActivityTable renders inactive past week learners table correctly 1`] = `
<div
  className="inactive-week"
>
  <div
    className="row"
  >
    <div
      className="col"
    >
      <div
        className="table-responsive"
      >
        <table
          className="table table-sm table-striped"
        >
          <thead
            className=""
          >
            <tr
              className=""
            >
              <th
                className="sortable"
                scope="col"
              >
                <button
                  className="btn btn-header"
                  disabled={false}
                  onClick={[Function]}
                  type="button"
                >
                  <span>
                    Email
                    <span
                      className="sr-only"
                    >
                       
                      sort ascending
                    </span>
                     
                    <span
                      aria-hidden={true}
                      className="fa fa-sort-asc"
                    />
                  </span>
                </button>
              </th>
              <th
                className="sortable"
                scope="col"
              >
                <button
                  className="btn btn-header"
                  disabled={false}
                  onClick={[Function]}
                  type="button"
                >
                  <span>
                    Course Title
                    <span
                      className="sr-only"
                    >
                       
                      click to sort
                    </span>
                     
                    <span
                      aria-hidden={true}
                      className="fa fa-sort"
                    />
                  </span>
                </button>
              </th>
              <th
                className="sortable"
                scope="col"
              >
                <button
                  className="btn btn-header"
                  disabled={false}
                  onClick={[Function]}
                  type="button"
                >
                  <span>
                    Course Price
                    <span
                      className="sr-only"
                    >
                       
                      click to sort
                    </span>
                     
                    <span
                      aria-hidden={true}
                      className="fa fa-sort"
                    />
                  </span>
                </button>
              </th>
              <th
                className="sortable"
                scope="col"
              >
                <button
                  className="btn btn-header"
                  disabled={false}
                  onClick={[Function]}
                  type="button"
                >
                  <span>
                    Start Date
                    <span
                      className="sr-only"
                    >
                       
                      click to sort
                    </span>
                     
                    <span
                      aria-hidden={true}
                      className="fa fa-sort"
                    />
                  </span>
                </button>
              </th>
              <th
                className="sortable"
                scope="col"
              >
                <button
                  className="btn btn-header"
                  disabled={false}
                  onClick={[Function]}
                  type="button"
                >
                  <span>
                    End Date
                    <span
                      className="sr-only"
                    >
                       
                      click to sort
                    </span>
                     
                    <span
                      aria-hidden={true}
                      className="fa fa-sort"
                    />
                  </span>
                </button>
              </th>
              <th
                className="sortable"
                scope="col"
              >
                <button
                  className="btn btn-header"
                  disabled={false}
                  onClick={[Function]}
                  type="button"
                >
                  <span>
                    Current Grade
                    <span
                      className="sr-only"
                    >
                       
                      click to sort
                    </span>
                     
                    <span
                      aria-hidden={true}
                      className="fa fa-sort"
                    />
                  </span>
                </button>
              </th>
              <th
                className="sortable"
                scope="col"
              >
                <button
                  className="btn btn-header"
                  disabled={false}
                  onClick={[Function]}
                  type="button"
                >
                  <span>
                    Progress Status
                    <span
                      className="sr-only"
                    >
                       
                      click to sort
                    </span>
                     
                    <span
                      aria-hidden={true}
                      className="fa fa-sort"
                    />
                  </span>
                </button>
              </th>
              <th
                className="sortable"
                scope="col"
              >
                <button
                  className="btn btn-header"
                  disabled={false}
                  onClick={[Function]}
                  type="button"
                >
                  <span>
                    Last Activity Date
                    <span
                      className="sr-only"
                    >
                       
                      click to sort
                    </span>
                     
                    <span
                      aria-hidden={true}
                      className="fa fa-sort"
                    />
                  </span>
                </button>
              </th>
            </tr>
          </thead>
          <tbody
            className=""
          >
            <tr
              className=""
            >
              <td
                className=""
                scope={null}
              >
                <span
                  data-hj-suppress={true}
                >
                  awesome.me@example.com
                </span>
              </td>
              <td
                className=""
                scope={null}
              >
                Dive into ReactJS
              </td>
              <td
                className=""
                scope={null}
              >
                $200
              </td>
              <td
                className=""
                scope={null}
              >
                October 21, 2017
              </td>
              <td
                className=""
                scope={null}
              >
                May 13, 2018
              </td>
              <td
                className=""
                scope={null}
              >
                66%
              </td>
              <td
                className=""
                scope={null}
              >
                Failed
              </td>
              <td
                className=""
                scope={null}
              >
                September 22, 2018
              </td>
            </tr>
            <tr
              className=""
            >
              <td
                className=""
                scope={null}
              >
                <span
                  data-hj-suppress={true}
                >
                  new@example.com
                </span>
              </td>
              <td
                className=""
                scope={null}
              >
                Redux with ReactJS
              </td>
              <td
                className=""
                scope={null}
              >
                $200
              </td>
              <td
                className=""
                scope={null}
              >
                October 21, 2017
              </td>
              <td
                className=""
                scope={null}
              >
                May 13, 2018
              </td>
              <td
                className=""
                scope={null}
              >
                80%
              </td>
              <td
                className=""
                scope={null}
              >
                Passed
              </td>
              <td
                className=""
                scope={null}
              >
                September 25, 2018
              </td>
            </tr>
          </tbody>
        </table>
      </div>
    </div>
  </div>
  <div
    className="row mt-2"
  >
    <div
      className="col d-flex justify-content-center"
    >
      <nav
        aria-label="inactive-week-pagination"
        className="pagination-default"
      >
        <div
          aria-atomic={true}
          aria-live="polite"
          aria-relevant="text"
          className="sr-only"
        >
          Page 1, Current Page, of 1
        </div>
        <ul
          className="pagination"
        >
          <li
            className="page-item disabled"
          >
            <button
              aria-label="Previous"
              className="previous page-link btn btn-primary"
              disabled={true}
              onClick={[Function]}
              tabIndex="-1"
              type="button"
            >
              <div>
                <span
                  className="pgn__icon"
                >
                  <svg
                    aria-hidden={true}
                    fill="none"
                    focusable={false}
                    height={24}
                    role="img"
                    viewBox="0 0 24 24"
                    width={24}
                    xmlns="http://www.w3.org/2000/svg"
                  >
                    <path
                      d="M15.41 7.41 14 6l-6 6 6 6 1.41-1.41L10.83 12l4.58-4.59Z"
                      fill="currentColor"
                    />
                  </svg>
                </span>
                Previous
              </div>
            </button>
          </li>
          <li
            className="page-item disabled"
          >
            <button
              aria-label="Next"
              className="next page-link btn btn-primary"
              disabled={true}
              onClick={[Function]}
              tabIndex="-1"
              type="button"
            >
              <div>
                Next
                <span
                  className="pgn__icon"
                >
                  <svg
                    aria-hidden={true}
                    fill="none"
                    focusable={false}
                    height={24}
                    role="img"
                    viewBox="0 0 24 24"
                    width={24}
                    xmlns="http://www.w3.org/2000/svg"
                  >
                    <path
                      d="M10 6 8.59 7.41 13.17 12l-4.58 4.59L10 18l6-6-6-6Z"
                      fill="currentColor"
                    />
                  </svg>
                </span>
              </div>
            </button>
          </li>
        </ul>
      </nav>
    </div>
  </div>
</div>
`;
