// Jest Snapshot v1, https://goo.gl/fbAQLP

exports[`PastWeekPassedLearnersTable renders table correctly 1`] = `
<div
  className="completed-learners-week"
>
  <div
    className="row"
  >
    <div
      className="col"
    >
      <div
        className="table-responsive"
      >
        <table
          className="table table-sm table-striped"
        >
          <thead
            className=""
          >
            <tr
              className=""
            >
              <th
                className="sortable"
                scope="col"
              >
                <button
                  className="btn btn-header"
                  disabled={false}
                  onClick={[Function]}
                  type="button"
                >
                  <span>
                    Email
                    <span
                      className="sr-only"
                    >
                       
                      sort ascending
                    </span>
                     
                    <span
                      aria-hidden={true}
                      className="fa fa-sort-asc"
                    />
                  </span>
                </button>
              </th>
              <th
                className="sortable"
                scope="col"
              >
                <button
                  className="btn btn-header"
                  disabled={false}
                  onClick={[Function]}
                  type="button"
                >
                  <span>
                    Course Title
                    <span
                      className="sr-only"
                    >
                       
                      click to sort
                    </span>
                     
                    <span
                      aria-hidden={true}
                      className="fa fa-sort"
                    />
                  </span>
                </button>
              </th>
              <th
                className="sortable"
                scope="col"
              >
                <button
                  className="btn btn-header"
                  disabled={false}
                  onClick={[Function]}
                  type="button"
                >
                  <span>
                    Passed Date
                    <span
                      className="sr-only"
                    >
                       
                      click to sort
                    </span>
                     
                    <span
                      aria-hidden={true}
                      className="fa fa-sort"
                    />
                  </span>
                </button>
              </th>
            </tr>
          </thead>
          <tbody
            className=""
          >
            <tr
              className=""
            >
              <td
                className=""
                scope={null}
              >
                <span
                  data-hj-suppress={true}
                >
                  awesome.me@example.com
                </span>
              </td>
              <td
                className=""
                scope={null}
              >
                Dive into ReactJS
              </td>
              <td
                className=""
                scope={null}
              >
                September 23, 2018
              </td>
            </tr>
            <tr
              className=""
            >
              <td
                className=""
                scope={null}
              >
                <span
                  data-hj-suppress={true}
                >
                  new@example.com
                </span>
              </td>
              <td
                className=""
                scope={null}
              >
                Redux with ReactJS
              </td>
              <td
                className=""
                scope={null}
              >
                September 22, 2018
              </td>
            </tr>
          </tbody>
        </table>
      </div>
    </div>
  </div>
  <div
    className="row mt-2"
  >
    <div
      className="col d-flex justify-content-center"
    >
      <nav
        aria-label="completed-learners-week-pagination"
        className="pagination-default"
      >
        <div
          aria-atomic={true}
          aria-live="polite"
          aria-relevant="text"
          className="sr-only"
        >
          Page 1, Current Page, of 1
        </div>
        <ul
          className="pagination"
        >
          <li
            className="page-item disabled"
          >
            <button
              aria-label="Previous"
              className="previous page-link btn btn-primary"
              disabled={true}
              onClick={[Function]}
              tabIndex="-1"
              type="button"
            >
              <div>
                <span
                  className="pgn__icon"
                >
                  <svg
                    aria-hidden={true}
                    fill="none"
                    focusable={false}
                    height={24}
                    role="img"
                    viewBox="0 0 24 24"
                    width={24}
                    xmlns="http://www.w3.org/2000/svg"
                  >
                    <path
                      d="M15.41 7.41 14 6l-6 6 6 6 1.41-1.41L10.83 12l4.58-4.59Z"
                      fill="currentColor"
                    />
                  </svg>
                </span>
                Previous
              </div>
            </button>
          </li>
          <li
            className="page-item disabled"
          >
            <button
              aria-label="Next"
              className="next page-link btn btn-primary"
              disabled={true}
              onClick={[Function]}
              tabIndex="-1"
              type="button"
            >
              <div>
                Next
                <span
                  className="pgn__icon"
                >
                  <svg
                    aria-hidden={true}
                    fill="none"
                    focusable={false}
                    height={24}
                    role="img"
                    viewBox="0 0 24 24"
                    width={24}
                    xmlns="http://www.w3.org/2000/svg"
                  >
                    <path
                      d="M10 6 8.59 7.41 13.17 12l-4.58 4.59L10 18l6-6-6-6Z"
                      fill="currentColor"
                    />
                  </svg>
                </span>
              </div>
            </button>
          </li>
        </ul>
      </nav>
    </div>
  </div>
</div>
`;
