// Jest Snapshot v1, https://goo.gl/fbAQLP

exports[`PriceTableCell renders correctly 1`] = `"$100"`;

exports[`PriceTableCell returns null 1`] = `null`;
