// Jest Snapshot v1, https://goo.gl/fbAQLP

exports[`<NotFoundPage /> renders correctly 1`] = `
<main
  role="main"
>
  <div
    className="container-fluid mt-3"
  >
    <div
      className="text-center py-5"
    >
      <h1>
        404
      </h1>
      <p
        className="lead"
      >
        Oops, sorry we can't find that page!
      </p>
      <p>
        Either something went wrong or the page doesn't exist anymore.
      </p>
    </div>
  </div>
</main>
`;
