// Jest Snapshot v1, https://goo.gl/fbAQLP

exports[`TableLoadingSkeleton renders a skeleton 1`] = `
<div>
  <div
    className="sr-only"
  >
    Loading...
  </div>
  <span
    aria-busy={true}
    aria-live="polite"
  >
    <span
      className="react-loading-skeleton"
      style={
        Object {
          "height": 25,
        }
      }
    >
      ‌
    </span>
    <br />
    <span
      className="react-loading-skeleton"
      style={
        Object {
          "height": 25,
        }
      }
    >
      ‌
    </span>
    <br />
    <span
      className="react-loading-skeleton"
      style={
        Object {
          "height": 25,
        }
      }
    >
      ‌
    </span>
    <br />
    <span
      className="react-loading-skeleton"
      style={
        Object {
          "height": 25,
        }
      }
    >
      ‌
    </span>
    <br />
    <span
      className="react-loading-skeleton"
      style={
        Object {
          "height": 25,
        }
      }
    >
      ‌
    </span>
    <br />
    <span
      className="react-loading-skeleton"
      style={
        Object {
          "height": 25,
        }
      }
    >
      ‌
    </span>
    <br />
    <span
      className="react-loading-skeleton"
      style={
        Object {
          "height": 25,
        }
      }
    >
      ‌
    </span>
    <br />
    <span
      className="react-loading-skeleton"
      style={
        Object {
          "height": 25,
        }
      }
    >
      ‌
    </span>
    <br />
    <span
      className="react-loading-skeleton"
      style={
        Object {
          "height": 25,
        }
      }
    >
      ‌
    </span>
    <br />
    <span
      className="react-loading-skeleton"
      style={
        Object {
          "height": 25,
        }
      }
    >
      ‌
    </span>
    <br />
    <span
      className="react-loading-skeleton"
      style={
        Object {
          "height": 25,
        }
      }
    >
      ‌
    </span>
    <br />
    <span
      className="react-loading-skeleton"
      style={
        Object {
          "height": 25,
        }
      }
    >
      ‌
    </span>
    <br />
    <span
      className="react-loading-skeleton"
      style={
        Object {
          "height": 25,
        }
      }
    >
      ‌
    </span>
    <br />
    <span
      className="react-loading-skeleton"
      style={
        Object {
          "height": 25,
        }
      }
    >
      ‌
    </span>
    <br />
    <span
      className="react-loading-skeleton"
      style={
        Object {
          "height": 25,
        }
      }
    >
      ‌
    </span>
    <br />
    <span
      className="react-loading-skeleton"
      style={
        Object {
          "height": 25,
        }
      }
    >
      ‌
    </span>
    <br />
    <span
      className="react-loading-skeleton"
      style={
        Object {
          "height": 25,
        }
      }
    >
      ‌
    </span>
    <br />
    <span
      className="react-loading-skeleton"
      style={
        Object {
          "height": 25,
        }
      }
    >
      ‌
    </span>
    <br />
    <span
      className="react-loading-skeleton"
      style={
        Object {
          "height": 25,
        }
      }
    >
      ‌
    </span>
    <br />
    <span
      className="react-loading-skeleton"
      style={
        Object {
          "height": 25,
        }
      }
    >
      ‌
    </span>
    <br />
    <span
      className="react-loading-skeleton"
      style={
        Object {
          "height": 25,
        }
      }
    >
      ‌
    </span>
    <br />
    <span
      className="react-loading-skeleton"
      style={
        Object {
          "height": 25,
        }
      }
    >
      ‌
    </span>
    <br />
    <span
      className="react-loading-skeleton"
      style={
        Object {
          "height": 25,
        }
      }
    >
      ‌
    </span>
    <br />
    <span
      className="react-loading-skeleton"
      style={
        Object {
          "height": 25,
        }
      }
    >
      ‌
    </span>
    <br />
    <span
      className="react-loading-skeleton"
      style={
        Object {
          "height": 25,
        }
      }
    >
      ‌
    </span>
    <br />
  </span>
</div>
`;
